Resolving dependencies...
Downloading packages...
  _fe_analyzer_shared 100.0.0 (105.0.0 available)
  analyzer 13.0.0 (14.1.0 available)
  dart_style 3.1.9 (3.1.12 available)
  hooks 2.0.2 (2.1.0 available)
  intl 0.20.2 (0.20.3 available)
  jni 1.0.0 (1.0.3 available)
  jni_flutter 1.0.1 (1.0.2 available)
  matcher 0.12.19 (0.12.20 available)
  meta 1.18.0 (1.19.0 available)
  native_toolchain_c 0.19.2 (0.19.3 available)
  package_config 2.2.0 (3.0.0 available)
  record_use 0.6.0 (1.0.0 available)
  record_web 2.1.1 (2.1.2 available)
  record_windows 2.2.2 (2.2.3 available)
  test_api 0.7.11 (0.7.13 available)
  vector_math 2.2.0 (2.4.2 available)
  xml 6.6.1 (7.0.1 available)
Got dependencies!
17 packages have newer versions incompatible with dependency constraints.
Try `flutter pub outdated` for more information.
00:00 +0: loading <workspace>/integration_test/reliable_recording_test.dart
Running Gradle task 'assembleDebug'...                          
flutter.bat : WARNING: Your app uses the following plugins that apply Kotlin Gradle Plugin (KGP): flutter_foreground_ta
sk
At <workspace>\tool\benchmarks\run_android_
emulator_smoke.ps1:75 char:9
+         & flutter @Arguments 2>&1 | Tee-Object -FilePath $LogPath
+         ~~~~~~~~~~~~~~~~~~~~~~~~~
    + CategoryInfo          : NotSpecified: (WARNING: Your a...foreground_task:String) [], RemoteException
    + FullyQualifiedErrorId : NativeCommandError
 
Future versions of Flutter will fail to build if your app uses plugins that apply KGP.

Please check the changelogs of these plugins and upgrade to a version that supports Built-in Kotlin.
If no such version exists, report the issue to the plugin. If necessary, here is a guide on filing 
an issue against a plugin: https://docs.flutter.dev/release/breaking-changes/migrate-to-built-in-kotlin/for-app-develop
ers#report-incompatible-kotlin-gradle-plugin-usage-to-plugin-authors

If you are a plugin author, please migrate your plugin to Built-in Kotlin using this guide: https://docs.flutter.dev/re
lease/breaking-changes/migrate-to-built-in-kotlin/for-plugin-authors
Running Gradle task 'assembleDebug'...                             14.5s
√ Built build\app\outputs\flutter-apk\app-debug.apk
Installing build\app\outputs\flutter-apk\app-debug.apk...        1,210ms
00:00 +0: 前后台切换时事实 PCM 持续写入并原子封存
MEETTRACE_STEP07_RECORDING:{"schemaVersion":1,"recordingSeconds":30,"fileBytes":960512,"persistedBytes":960512,"persistenceRatio":1.0,"captureCompletenessRatio":1.0004259959608501,"droppedPreviewChunks":0,"pcmDiagnostics":{"sampleRate":16000,"channelCount":1,"bitsPerSample":16,"chunkCount":469,"totalBytes":960512,"sampleCount":480256,"durationMicros":30016000,"peakNormalized":1.0,"rmsNormalized":0.7074000526674378,"dcOffsetNormalized":0.000042596097185667646,"clippedSampleCount":4406,"clippingRatio":0.009174273720682302}}
00:37 +1: (tearDownAll)
00:37 +1: All tests passed!
