Resolving dependencies...
Downloading packages...
  _fe_analyzer_shared 100.0.0 (105.0.0 available)
  analyzer 13.0.0 (14.1.0 available)
  dart_style 3.1.9 (3.1.12 available)
  hooks 2.0.2 (2.1.0 available)
  intl 0.20.2 (0.20.3 available)
  jni 1.0.0 (1.0.3 available)
  jni_flutter 1.0.1 (1.0.2 available)
  matcher 0.12.19 (0.12.20 available)
  meta 1.18.0 (1.19.0 available)
  native_toolchain_c 0.19.2 (0.19.3 available)
  package_config 2.2.0 (3.0.0 available)
  record_use 0.6.0 (1.0.0 available)
  record_web 2.1.1 (2.1.2 available)
  record_windows 2.2.2 (2.2.3 available)
  test_api 0.7.11 (0.7.13 available)
  vector_math 2.2.0 (2.4.2 available)
  xml 6.6.1 (7.0.1 available)
Got dependencies!
17 packages have newer versions incompatible with dependency constraints.
Try `flutter pub outdated` for more information.
00:00 +0: loading <workspace>/integration_test/android_emulator_meeting_flow_test.dart
Running Gradle task 'assembleDebug'...                          
flutter.bat : WARNING: Your app uses the following plugins that apply Kotlin Gradle Plugin (KGP): flutter_foreground_ta
sk
At <workspace>\tool\benchmarks\run_android_
emulator_smoke.ps1:76 char:9
+         & flutter @Arguments 2>&1 | Tee-Object -FilePath $LogPath
+         ~~~~~~~~~~~~~~~~~~~~~~~~~
    + CategoryInfo          : NotSpecified: (WARNING: Your a...foreground_task:String) [], RemoteException
    + FullyQualifiedErrorId : NativeCommandError
 
Future versions of Flutter will fail to build if your app uses plugins that apply KGP.

Please check the changelogs of these plugins and upgrade to a version that supports Built-in Kotlin.
If no such version exists, report the issue to the plugin. If necessary, here is a guide on filing 
an issue against a plugin: https://docs.flutter.dev/release/breaking-changes/migrate-to-built-in-kotlin/for-app-develop
ers#report-incompatible-kotlin-gradle-plugin-usage-to-plugin-authors

If you are a plugin author, please migrate your plugin to Built-in Kotlin using this guide: https://docs.flutter.dev/re
lease/breaking-changes/migrate-to-built-in-kotlin/for-plugin-authors
Running Gradle task 'assembleDebug'...                             18.3s
√ Built build\app\outputs\flutter-apk\app-debug.apk
Installing build\app\outputs\flutter-apk\app-debug.apk...        1,179ms
00:00 +0: 真实外壳中预览失败不阻断事实录音与 Base 最终快照
MEETTRACE_ANDROID_EMULATOR_FLOW:{"schemaVersion":1,"modelId":"whisper-cpp-base-q5_1-v1.9.1","modelVersion":"v1.9.1-q5_1","meetingModelLocked":true,"factPcmSoleSourcePassed":true,"audioBytes":140800,"audioDurationMs":4400,"previewFailureCode":"asr.preview.vad_failed","previewDegradedWithoutRecordingLoss":true,"finalSnapshotStatus":"complete","finalSegmentCount":0,"pcmRms":0.125,"pcmPeak":0.125,"pcmClippingRatio":0.0}
00:07 +1: Base Native context 连续创建、推理和释放
MEETTRACE_ANDROID_NATIVE_CYCLES:{"schemaVersion":1,"cycles":100,"runtimeVersion":"1.9.1","rssSamplesBytes":[602578944,601870336,603676672,604782592,606715904,607428608,609452032,611225600,612098048,612675584,613220352,613752832,601239552,601489408,602116096,602800128,603242496,603795456,604774400,605507584,605642752,605855744,605859840,606380032,606535680,606539776,606691328,606838784,607019008,607346688,607551488,607670272,607895552,608096256,608182272,608309248,608628736,609681408,609824768,609808384,610181120,610381824,610508800,610766848,610914304,611164160,611225600,611450880,611561472,611778560,612077568,612167680,612306944,612462592,612757504,612872192,613109760,613212160,613220352,613281792,613715968,613736448,614068224,614203392,614412288,614473728,614883328,615026688,615276544,615518208,615661568,615931904,616022016,616239104,616497152,618246144,618287104,618528768,618815488,618946560,619065344,619237376,619458560,619638784,619999232,620109824,620236800,620306432,620507136,620806144,621035520,621178880,621395968,621731840,621903872,608698368,608841728,609153024,609234944,609550336],"rssGrowthBytes":6971392,"steadyStateGrowthBytes":-3125248,"steadyStateGrowthLimitBytes":33554432,"silenceSegmentCount":100,"workerIsolateVerified":true,"disposeIdempotent":true}
22:08 +2: 官方 Silero VAD 可加载、分段并幂等释放
MEETTRACE_ANDROID_NATIVE_VAD:{"schemaVersion":1,"model":"ggml-silero-v6.2.0","cycles":100,"silenceSegmentCount":0,"syntheticSegmentCount":0,"rssSamplesBytes":[611803136,613769216,613900288,613900288,614031360,614031360,614162432,614162432,614293504,614293504,614424576,614424576,614555648,614555648,614686720,614686720,614817792,614817792,614948864,614948864,615079936,615079936,615211008,615211008,615342080,615342080,615473152,615473152,615604224,615604224,615735296,615735296,615866368,615866368,615997440,615997440,616128512,616128512,616259584,616259584,616390656,616390656,616521728,616521728,616652800,616783872,616783872,616914944,616914944,617046016,617046016,617177088,617177088,617308160,617308160,617439232,617439232,617570304,617570304,617701376,617701376,617832448,617832448,617963520,617963520,618094592,618094592,618225664,618225664,618356736,618356736,618487808,618487808,618618880,618618880,618749952,612962304,612274176,612274176,612405248,612405248,612536320,612536320,612667392,612667392,612798464,612798464,612929536,612745216,612745216,612876288,612876288,613007360,613007360,613138432,613138432,613269504,613269504,613400576,613400576],"steadyStateGrowthBytes":-892928,"cancelResetVerified":true,"disposeIdempotent":true,"streamingSilenceSegmentCount":0,"workerIsolateVerified":true}
22:10 +3: 事实 PCM 会话连续开始、停止且不残留采集流
MEETTRACE_ANDROID_RECORDING_CYCLES:{"schemaVersion":1,"cycles":100,"totalBytes":694400,"allCaptureStreamsClosed":true}
22:54 +4: 完整会议连续开始、停止且释放模型租约与预览资源
MEETTRACE_ANDROID_MEETING_CYCLES:{"schemaVersion":1,"cycles":10,"sealedMeetings":10,"totalBytes":96000,"allCaptureStreamsClosed":true,"allPreviewSessionsDisposed":true,"allModelLeasesReleased":true}
23:03 +5: (tearDownAll)
23:04 +5: All tests passed!
